03:00:00:000:0 out_port      1.00000
07:30:00:000:0 out_port      2.00000
